******************************************************************************
                  TI ARM Linker PC v20.2.7                     
******************************************************************************
>> Linked Fri Nov 17 16:20:21 2023

OUTPUT FILE NAME:   <ISR.out>
ENTRY POINT SYMBOL: "_c_int00_noargs"  address: 00000d6d


MEMORY CONFIGURATION

         name            origin    length      used     unused   attr    fill
----------------------  --------  ---------  --------  --------  ----  --------
  FLASH                 00000000   00040000  00001336  0003ecca  R  X
  SRAM                  20000000   00008000  0000047d  00007b83  RW X


SEGMENT ALLOCATION MAP

run origin  load origin   length   init length attrs members
----------  ----------- ---------- ----------- ----- -------
00000000    00000000    00001338   00001338    r-x
  00000000    00000000    0000026c   0000026c    r-- .intvecs
  0000026c    0000026c    00000cee   00000cee    r-x .text
  00000f5c    00000f5c    000003a4   000003a4    r-- .const
  00001300    00001300    00000038   00000038    r-- .cinit
20000000    20000000    00000481   00000000    rw-
  20000000    20000000    0000026c   00000000    rw- .vtable
  20000270    20000270    00000200   00000000    rw- .stack
  20000470    20000470    00000011   00000000    rw- .data


SECTION ALLOCATION MAP

 output                                  attributes/
section   page    origin      length       input sections
--------  ----  ----------  ----------   ----------------
.intvecs   0    00000000    0000026c     
                  00000000    0000026c     tm4c123gh6pm_startup_ccs.obj (.intvecs)

.text      0    0000026c    00000cee     
                  0000026c    000003a0     main.obj (.text)
                  0000060c    00000132     driverlib.lib : gpio.obj (.text:GPIOPadConfigSet)
                  0000073e    00000002     --HOLE-- [fill = 0]
                  00000740    00000110                   : sysctl.obj (.text:SysCtlClockGet)
                  00000850    000000f4                   : sysctl.obj (.text:SysCtlClockSet)
                  00000944    0000009c     rtsv7M4_T_le_v4SPD16_eabi.lib : memcpy_t2.asm.obj (.text)
                  000009e0    00000068     driverlib.lib : interrupt.obj (.text:IntEnable)
                  00000a48    00000068     rtsv7M4_T_le_v4SPD16_eabi.lib : copy_decompress_lzss.c.obj (.text:decompress:lzss:__TI_decompress_lzss)
                  00000ab0    00000060     driverlib.lib : timer.obj (.text:TimerConfigure)
                  00000b10    00000056                   : gpio.obj (.text:GPIOIntTypeSet)
                  00000b66    00000002     --HOLE-- [fill = 0]
                  00000b68    0000004c                   : timer.obj (.text:_TimerIntNumberGet)
                  00000bb4    00000048                   : gpio.obj (.text:GPIOPinConfigure)
                  00000bfc    00000046                   : uart.obj (.text:UARTConfigSetExpClk)
                  00000c42    00000002     --HOLE-- [fill = 0]
                  00000c44    00000044                   : gpio.obj (.text:_GPIOIntNumberGet)
                  00000c88    00000044     rtsv7M4_T_le_v4SPD16_eabi.lib : autoinit.c.obj (.text:__TI_auto_init_nobinit_nopinit:__TI_auto_init_nobinit_nopinit)
                  00000ccc    00000038     driverlib.lib : sysctl.obj (.text:SysCtlPeripheralReady)
                  00000d04    00000034                   : interrupt.obj (.text:IntRegister)
                  00000d38    00000034                   : sysctl.obj (.text:SysCtlPeripheralEnable)
                  00000d6c    00000034     rtsv7M4_T_le_v4SPD16_eabi.lib : boot_cortex_m.c.obj (.text:_c_int00_noargs:_c_int00_noargs)
                  00000da0    0000002a     driverlib.lib : gpio.obj (.text:GPIODirModeSet)
                  00000dca    00000002     --HOLE-- [fill = 0]
                  00000dcc    00000020                   : uart.obj (.text:UARTDisable)
                  00000dec    0000001c     rtsv7M4_T_le_v4SPD16_eabi.lib : copy_zero_init.c.obj (.text:decompress:ZI:__TI_zero_init_nomemset:__TI_zero_init_nomemset)
                  00000e08    00000018     driverlib.lib : gpio.obj (.text:GPIOIntRegister)
                  00000e20    00000018                   : gpio.obj (.text:GPIOPinTypeGPIOOutput)
                  00000e38    00000018                   : timer.obj (.text:TimerIntRegister)
                  00000e50    00000014                   : systick.obj (.text:SysTickDisable)
                  00000e64    00000014                   : systick.obj (.text:SysTickEnable)
                  00000e78    00000014                   : uart.obj (.text:UARTEnable)
                  00000e8c    00000012                   : gpio.obj (.text:GPIOPinTypeGPIOInput)
                  00000e9e    00000012                   : gpio.obj (.text:GPIOPinTypeUART)
                  00000eb0    00000012                   : timer.obj (.text:TimerLoadSet)
                  00000ec2    00000010                   : interrupt.obj (.text:IntMasterEnable)
                  00000ed2    00000002     --HOLE-- [fill = 0]
                  00000ed4    00000010                   : systick.obj (.text:SysTickPeriodSet)
                  00000ee4    0000000e                   : timer.obj (.text:TimerEnable)
                  00000ef2    0000000e     rtsv7M4_T_le_v4SPD16_eabi.lib : copy_decompress_none.c.obj (.text:decompress:none:__TI_decompress_none)
                  00000f00    0000000c     driverlib.lib : cpu.obj (.text:CPUcpsie)
                  00000f0c    0000000c                   : gpio.obj (.text:GPIOIntEnable)
                  00000f18    0000000c     tm4c123gh6pm_startup_ccs.obj (.text)
                  00000f24    0000000a     driverlib.lib : uart.obj (.text:UARTCharPut)
                  00000f2e    00000008                   : timer.obj (.text:TimerIntEnable)
                  00000f36    00000006                   : gpio.obj (.text:GPIOIntClear)
                  00000f3c    00000006                   : gpio.obj (.text:GPIOPinRead)
                  00000f42    00000006                   : gpio.obj (.text:GPIOPinWrite)
                  00000f48    00000006                   : sysctl.obj (.text:SysCtlDelay)
                  00000f4e    00000004                   : timer.obj (.text:TimerIntClear)
                  00000f52    00000004     rtsv7M4_T_le_v4SPD16_eabi.lib : pre_init.c.obj (.text:_system_pre_init)
                  00000f56    00000004                                   : exit.c.obj (.text:abort:abort)

.const     0    00000f5c    000003a4     
                  00000f5c    000000d8     driverlib.lib : gpio.obj (.const:g_ppui32GPIOIntMapSnowflake)
                  00001034    000000c0                   : gpio.obj (.const:g_ppui32GPIOIntMapBlizzard)
                  000010f4    00000090                   : gpio.obj (.const:g_pui32GPIOBaseAddrs)
                  00001184    00000070                   : interrupt.obj (.const)
                  000011f4    0000006c                   : sysctl.obj (.const:g_pui32Xtals)
                  00001260    00000060                   : timer.obj (.const:g_ppui32TimerIntMap)
                  000012c0    00000040                   : timer.obj (.const:g_ppui32TimerIntMapSnowflake)

.cinit     0    00001300    00000038     
                  00001300    00000014     (.cinit..data.load) [load image, compression = lzss]
                  00001314    0000000c     (__TI_handler_table)
                  00001320    00000008     (.cinit..vtable.load) [load image, compression = zero_init]
                  00001328    00000010     (__TI_cinit_table)

.init_array 
*          0    00000000    00000000     UNINITIALIZED

.vtable    0    20000000    0000026c     UNINITIALIZED
                  20000000    0000026c     driverlib.lib : interrupt.obj (.vtable)

.data      0    20000470    00000011     UNINITIALIZED
                  20000470    0000000c     main.obj (.data)
                  2000047c    00000005     main.obj (.data:outBin)

.stack     0    20000270    00000200     UNINITIALIZED
                  20000270    00000004     rtsv7M4_T_le_v4SPD16_eabi.lib : boot_cortex_m.c.obj (.stack)
                  20000274    000001fc     --HOLE--

__llvm_prf_cnts 
*          0    20000000    00000000     UNINITIALIZED

MODULE SUMMARY

       Module                         code   ro data   rw data
       ------                         ----   -------   -------
    .\
       main.obj                       928    0         17     
       tm4c123gh6pm_startup_ccs.obj   12     620       0      
    +--+------------------------------+------+---------+---------+
       Total:                         940    620       17     
                                                              
    C:/ti/TivaWare_C_Series-2.1.4.178/driverlib/ccs/Debug/driverlib.lib
       gpio.obj                       688    552       0      
       interrupt.obj                  172    112       620    
       sysctl.obj                     630    108       0      
       timer.obj                      240    160       0      
       uart.obj                       132    0         0      
       systick.obj                    56     0         0      
       cpu.obj                        12     0         0      
    +--+------------------------------+------+---------+---------+
       Total:                         1930   932       620    
                                                              
    C:\ti\ccs1250\ccs\tools\compiler\ti-cgt-arm_20.2.7.LTS\lib\rtsv7M4_T_le_v4SPD16_eabi.lib
       memcpy_t2.asm.obj              156    0         0      
       copy_decompress_lzss.c.obj     104    0         0      
       autoinit.c.obj                 68     0         0      
       boot_cortex_m.c.obj            52     0         0      
       copy_zero_init.c.obj           28     0         0      
       copy_decompress_none.c.obj     14     0         0      
       exit.c.obj                     4      0         0      
       pre_init.c.obj                 4      0         0      
    +--+------------------------------+------+---------+---------+
       Total:                         430    0         0      
                                                              
       Stack:                         0      0         512    
       Linker Generated:              0      56        0      
    +--+------------------------------+------+---------+---------+
       Grand Total:                   3300   1608      1149   


LINKER GENERATED COPY TABLES

__TI_cinit_table @ 00001328 records: 2, size/record: 8, table size: 16
	.data: load addr=00001300, load size=00000014 bytes, run addr=20000470, run size=00000011 bytes, compression=lzss
	.vtable: load addr=00001320, load size=00000008 bytes, run addr=20000000, run size=0000026c bytes, compression=zero_init


LINKER GENERATED HANDLER TABLE

__TI_handler_table @ 00001314 records: 3, size/record: 4, table size: 12
	index: 0, handler: __TI_zero_init
	index: 1, handler: __TI_decompress_lzss
	index: 2, handler: __TI_decompress_none


GLOBAL SYMBOLS: SORTED ALPHABETICALLY BY Name 

address   name                          
-------   ----                          
00000f57  C$$EXIT                       
00000f01  CPUcpsie                      
00000da1  GPIODirModeSet                
00000f37  GPIOIntClear                  
00000f0d  GPIOIntEnable                 
00000e09  GPIOIntRegister               
00000b11  GPIOIntTypeSet                
0000060d  GPIOPadConfigSet              
00000bb5  GPIOPinConfigure              
00000f3d  GPIOPinRead                   
00000e8d  GPIOPinTypeGPIOInput          
00000e21  GPIOPinTypeGPIOOutput         
00000e9f  GPIOPinTypeUART               
00000f43  GPIOPinWrite                  
000009e1  IntEnable                     
00000ec3  IntMasterEnable               
00000d05  IntRegister                   
0000037b  PortFIntHandler               
00000f19  ResetISR                      
0000052d  SendString                    
0000054b  SendString1                   
00000741  SysCtlClockGet                
00000851  SysCtlClockSet                
00000f49  SysCtlDelay                   
00000d39  SysCtlPeripheralEnable        
00000ccd  SysCtlPeripheralReady         
00000e51  SysTickDisable                
00000e65  SysTickEnable                 
00000ed5  SysTickPeriodSet              
00000355  Timer0IntHandler              
0000030f  TimerConfig                   
00000ab1  TimerConfigure                
00000ee5  TimerEnable                   
00000f4f  TimerIntClear                 
00000f2f  TimerIntEnable                
00000e39  TimerIntRegister              
00000eb1  TimerLoadSet                  
00000f25  UARTCharPut                   
00000bfd  UARTConfigSetExpClk           
00000dcd  UARTDisable                   
00000e79  UARTEnable                    
000004ab  UARTconfig                    
20000470  __STACK_END                   
00000200  __STACK_SIZE                  
20000470  __STACK_TOP                   
00001328  __TI_CINIT_Base               
00001338  __TI_CINIT_Limit              
00001314  __TI_Handler_Table_Base       
00001320  __TI_Handler_Table_Limit      
00000c89  __TI_auto_init_nobinit_nopinit
00000a49  __TI_decompress_lzss          
00000ef3  __TI_decompress_none          
ffffffff  __TI_pprof_out_hndl           
ffffffff  __TI_prof_data_size           
ffffffff  __TI_prof_data_start          
00000000  __TI_static_base__            
00000ded  __TI_zero_init_nomemset       
00000945  __aeabi_memcpy                
00000945  __aeabi_memcpy4               
00000945  __aeabi_memcpy8               
ffffffff  __binit__                     
ffffffff  __c_args__                    
UNDEFED   __mpu_init                    
20000270  __stack                       
20000000  __start___llvm_prf_cnts       
20000000  __stop___llvm_prf_cnts        
00000d6d  _c_int00_noargs               
UNDEFED   _system_post_cinit            
00000f53  _system_pre_init              
00000f57  abort                         
ffffffff  binit                         
00000569  delay                         
00000595  delay1ms                      
20000000  g_pfnRAMVectors               
00000000  g_pfnVectors                  
20000478  i                             
0000026d  main                          
00000945  memcpy                        
20000474  n                             
2000047c  outBin                        
20000470  state                         
20000471  state2                        
20000472  valor                         
20000473  valorP                        


GLOBAL SYMBOLS: SORTED BY Symbol Address 

address   name                          
-------   ----                          
00000000  __TI_static_base__            
00000000  g_pfnVectors                  
00000200  __STACK_SIZE                  
0000026d  main                          
0000030f  TimerConfig                   
00000355  Timer0IntHandler              
0000037b  PortFIntHandler               
000004ab  UARTconfig                    
0000052d  SendString                    
0000054b  SendString1                   
00000569  delay                         
00000595  delay1ms                      
0000060d  GPIOPadConfigSet              
00000741  SysCtlClockGet                
00000851  SysCtlClockSet                
00000945  __aeabi_memcpy                
00000945  __aeabi_memcpy4               
00000945  __aeabi_memcpy8               
00000945  memcpy                        
000009e1  IntEnable                     
00000a49  __TI_decompress_lzss          
00000ab1  TimerConfigure                
00000b11  GPIOIntTypeSet                
00000bb5  GPIOPinConfigure              
00000bfd  UARTConfigSetExpClk           
00000c89  __TI_auto_init_nobinit_nopinit
00000ccd  SysCtlPeripheralReady         
00000d05  IntRegister                   
00000d39  SysCtlPeripheralEnable        
00000d6d  _c_int00_noargs               
00000da1  GPIODirModeSet                
00000dcd  UARTDisable                   
00000ded  __TI_zero_init_nomemset       
00000e09  GPIOIntRegister               
00000e21  GPIOPinTypeGPIOOutput         
00000e39  TimerIntRegister              
00000e51  SysTickDisable                
00000e65  SysTickEnable                 
00000e79  UARTEnable                    
00000e8d  GPIOPinTypeGPIOInput          
00000e9f  GPIOPinTypeUART               
00000eb1  TimerLoadSet                  
00000ec3  IntMasterEnable               
00000ed5  SysTickPeriodSet              
00000ee5  TimerEnable                   
00000ef3  __TI_decompress_none          
00000f01  CPUcpsie                      
00000f0d  GPIOIntEnable                 
00000f19  ResetISR                      
00000f25  UARTCharPut                   
00000f2f  TimerIntEnable                
00000f37  GPIOIntClear                  
00000f3d  GPIOPinRead                   
00000f43  GPIOPinWrite                  
00000f49  SysCtlDelay                   
00000f4f  TimerIntClear                 
00000f53  _system_pre_init              
00000f57  C$$EXIT                       
00000f57  abort                         
00001314  __TI_Handler_Table_Base       
00001320  __TI_Handler_Table_Limit      
00001328  __TI_CINIT_Base               
00001338  __TI_CINIT_Limit              
20000000  __start___llvm_prf_cnts       
20000000  __stop___llvm_prf_cnts        
20000000  g_pfnRAMVectors               
20000270  __stack                       
20000470  __STACK_END                   
20000470  __STACK_TOP                   
20000470  state                         
20000471  state2                        
20000472  valor                         
20000473  valorP                        
20000474  n                             
20000478  i                             
2000047c  outBin                        
ffffffff  __TI_pprof_out_hndl           
ffffffff  __TI_prof_data_size           
ffffffff  __TI_prof_data_start          
ffffffff  __binit__                     
ffffffff  __c_args__                    
ffffffff  binit                         
UNDEFED   __mpu_init                    
UNDEFED   _system_post_cinit            

[84 symbols]
